Copyright 1986-2021 Xilinx, Inc. All Rights Reserved.
--------------------------------------------------------------------------------------
| Tool Version : Vivado v.2021.1 (win64) Build 3247384 Thu Jun 10 19:36:33 MDT 2021
| Date         : Thu Sep  8 00:32:35 2022
| Host         : LAPTOP-F415E9JE running 64-bit major release  (build 9200)
| Command      : report_control_sets -verbose -file vc709_top_control_sets_placed.rpt
| Design       : vc709_top
| Device       : xc7vx690t
--------------------------------------------------------------------------------------

Control Set Information

Table of Contents
-----------------
1. Summary
2. Histogram
3. Flip-Flop Distribution
4. Detailed Control Set Information

1. Summary
----------

+----------------------------------------------------------+-------+
|                          Status                          | Count |
+----------------------------------------------------------+-------+
| Total control sets                                       |   161 |
|    Minimum number of control sets                        |   161 |
|    Addition due to synthesis replication                 |     0 |
|    Addition due to physical synthesis replication        |     0 |
| Unused register locations in slices containing registers |   365 |
+----------------------------------------------------------+-------+
* Control sets can be merged at opt_design using control_set_merge or merge_equivalent_drivers
** Run report_qor_suggestions for automated merging and remapping suggestions


2. Histogram
------------

+--------------------+-------+
|       Fanout       | Count |
+--------------------+-------+
| Total control sets |   161 |
| >= 0 to < 4        |     0 |
| >= 4 to < 6        |    78 |
| >= 6 to < 8        |    70 |
| >= 8 to < 10       |     1 |
| >= 10 to < 12      |     0 |
| >= 12 to < 14      |     0 |
| >= 14 to < 16      |     0 |
| >= 16              |    12 |
+--------------------+-------+
* Control sets can be remapped at either synth_design or opt_design


3. Flip-Flop Distribution
-------------------------

+--------------+-----------------------+------------------------+-----------------+--------------+
| Clock Enable | Synchronous Set/Reset | Asynchronous Set/Reset | Total Registers | Total Slices |
+--------------+-----------------------+------------------------+-----------------+--------------+
| No           | No                    | No                     |              70 |           35 |
| No           | No                    | Yes                    |              51 |           22 |
| No           | Yes                   | No                     |              10 |            5 |
| Yes          | No                    | No                     |            1128 |          322 |
| Yes          | No                    | Yes                    |             642 |          173 |
| Yes          | Yes                   | No                     |             974 |          283 |
+--------------+-----------------------+------------------------+-----------------+--------------+


4. Detailed Control Set Information
-----------------------------------

+----------------------+---------------------------------------------------------------------------------------------------------+------------------------------------------------------------------------------------------------------------------------+------------------+----------------+--------------+
|     Clock Signal     |                                              Enable Signal                                              |                                                    Set/Reset Signal                                                    | Slice Load Count | Bel Load Count | Bels / Slice |
+----------------------+---------------------------------------------------------------------------------------------------------+------------------------------------------------------------------------------------------------------------------------+------------------+----------------+--------------+
|  u_pll/inst/clk_out1 | u_lane_original/gearbox32to66_cmp/data66_valid_o                                                        | u_lane_original/gearbox32to66_cmp/u_aligner/seekerL/seekerL/pre_win_0                                                  |                2 |              4 |         2.00 |
|  u_pll/inst/clk_out1 | u_lane_original/gearbox32to66_cmp/data66_valid_o                                                        | u_lane_original/gearbox32to66_cmp/u_aligner/seekerL/seekerR/seekerR/seekerL/seekerL/seekerR/seekerR/pre_win            |                1 |              4 |         4.00 |
|  u_pll/inst/clk_out1 | u_lane_original/gearbox32to66_cmp/data66_valid_o                                                        | u_lane_original/gearbox32to66_cmp/u_aligner/seekerL/seekerR/seekerR/seekerL/seekerR/seekerR/seekerR/pre_win_16         |                4 |              4 |         1.00 |
|  u_pll/inst/clk_out1 | u_lane_original/gearbox32to66_cmp/data66_valid_o                                                        | u_lane_original/gearbox32to66_cmp/u_aligner/seekerL/seekerL/pre_win                                                    |                2 |              4 |         2.00 |
|  u_pll/inst/clk_out1 | u_lane_original/gearbox32to66_cmp/data66_valid_o                                                        | u_lane_original/gearbox32to66_cmp/u_aligner/seekerR/seekerR/seekerR/seekerR/seekerR/seekerR/seekerR/data66_valid_i_reg |                2 |              4 |         2.00 |
|  u_pll/inst/clk_out1 | u_lane_original/gearbox32to66_cmp/data66_valid_o                                                        | u_lane_original/gearbox32to66_cmp/u_aligner/seekerR/seekerR/seekerR/seekerR/seekerL/seekerR/seekerR/pre_win            |                4 |              4 |         1.00 |
|  u_pll/inst/clk_out1 | u_lane_original/gearbox32to66_cmp/data66_valid_o                                                        | u_lane_original/gearbox32to66_cmp/u_aligner/seekerR/seekerL/pre_win                                                    |                3 |              4 |         1.33 |
|  u_pll/inst/clk_out1 | u_lane_original/gearbox32to66_cmp/data66_valid_o                                                        | u_lane_original/gearbox32to66_cmp/u_aligner/seekerR/seekerL/pre_win_3                                                  |                3 |              4 |         1.33 |
|  u_pll/inst/clk_out1 | u_lane_original/xapp1017_serdes_1280.serdes_cmp/loop3[0].dc_inst/s_state[3]_i_1_n_0                     | gpio_switch_IBUF[7]                                                                                                    |                2 |              4 |         2.00 |
|  u_pll/inst/clk_out1 | u_lane_original/gearbox32to66_cmp/u_aligner/seekerR/seekerR/seekerL/seekerR/seekerR/seekerR/seekerR/sel | u_lane_original/gearbox32to66_cmp/u_aligner/seekerR/seekerL/seeker_pos_idx_c_reg[0]_140[0]                             |                1 |              5 |         5.00 |
|  u_pll/inst/clk_out1 | u_lane_original/gearbox32to66_cmp/u_aligner/seekerR/seekerR/seekerL/seekerL/seekerR/seekerL/seekerR/sel | u_lane_original/gearbox32to66_cmp/u_aligner/seekerR/seekerL/seeker_pos_idx_c_reg[0]_110[0]                             |                2 |              5 |         2.50 |
|  u_pll/inst/clk_out1 | u_lane_original/gearbox32to66_cmp/u_aligner/seekerR/seekerR/seekerL/seekerL/seekerR/seekerR/seekerL/sel | u_lane_original/gearbox32to66_cmp/u_aligner/seekerR/seekerL/seeker_pos_idx_c_reg[0]_113[0]                             |                1 |              5 |         5.00 |
|  u_pll/inst/clk_out1 | u_lane_original/gearbox32to66_cmp/u_aligner/seekerR/seekerR/seekerL/seekerL/seekerR/seekerR/seekerR/sel | u_lane_original/gearbox32to66_cmp/u_aligner/seekerR/seekerL/seeker_pos_idx_c_reg[0]_116[0]                             |                2 |              5 |         2.50 |
|  u_pll/inst/clk_out1 | u_lane_original/gearbox32to66_cmp/u_aligner/seekerR/seekerR/seekerL/seekerR/seekerL/seekerL/seekerL/sel | u_lane_original/gearbox32to66_cmp/u_aligner/seekerR/seekerL/seeker_pos_idx_c_reg[0]_119[0]                             |                1 |              5 |         5.00 |
|  u_pll/inst/clk_out1 | u_lane_original/gearbox32to66_cmp/u_aligner/seekerR/seekerR/seekerL/seekerR/seekerL/seekerL/seekerR/sel | u_lane_original/gearbox32to66_cmp/u_aligner/seekerR/seekerL/seeker_pos_idx_c_reg[0]_122[0]                             |                1 |              5 |         5.00 |
|  u_pll/inst/clk_out1 | u_lane_original/gearbox32to66_cmp/u_aligner/seekerR/seekerR/seekerL/seekerR/seekerL/seekerR/seekerL/sel | u_lane_original/gearbox32to66_cmp/u_aligner/seekerR/seekerL/seeker_pos_idx_c_reg[0]_125[0]                             |                1 |              5 |         5.00 |
|  u_pll/inst/clk_out1 | u_lane_original/gearbox32to66_cmp/u_aligner/seekerR/seekerR/seekerL/seekerR/seekerL/seekerR/seekerR/sel | u_lane_original/gearbox32to66_cmp/u_aligner/seekerR/seekerL/seeker_pos_idx_c_reg[0]_128[0]                             |                1 |              5 |         5.00 |
|  u_pll/inst/clk_out1 | u_lane_original/gearbox32to66_cmp/u_aligner/seekerR/seekerR/seekerL/seekerL/seekerR/seekerL/seekerL/sel | u_lane_original/gearbox32to66_cmp/u_aligner/seekerR/seekerL/seeker_pos_idx_c_reg[0]_107[0]                             |                1 |              5 |         5.00 |
|  u_pll/inst/clk_out1 | u_lane_original/gearbox32to66_cmp/u_aligner/seekerR/seekerR/seekerL/seekerL/seekerL/seekerL/seekerL/sel | u_lane_original/gearbox32to66_cmp/u_aligner/seekerR/seekerL/seeker_pos_idx_c_reg[0]_95[0]                              |                1 |              5 |         5.00 |
|  u_pll/inst/clk_out1 | u_lane_original/gearbox32to66_cmp/u_aligner/seekerR/seekerR/seekerL/seekerL/seekerL/seekerL/seekerR/sel | u_lane_original/gearbox32to66_cmp/u_aligner/seekerR/seekerL/seeker_pos_idx_c_reg[0]_98[0]                              |                1 |              5 |         5.00 |
|  u_pll/inst/clk_out1 | u_lane_original/gearbox32to66_cmp/u_aligner/seekerR/seekerR/seekerR/seekerR/seekerR/seekerL/seekerR/sel | u_lane_original/gearbox32to66_cmp/u_aligner/seekerR/seekerL/seeker_pos_idx_c_reg[0]_182[0]                             |                1 |              5 |         5.00 |
|  u_pll/inst/clk_out1 | u_lane_original/gearbox32to66_cmp/u_aligner/seekerR/seekerR/seekerL/seekerL/seekerL/seekerR/seekerR/sel | u_lane_original/gearbox32to66_cmp/u_aligner/seekerR/seekerL/seeker_pos_idx_c_reg[0]_104[0]                             |                1 |              5 |         5.00 |
|  u_pll/inst/clk_out1 | u_lane_original/gearbox32to66_cmp/u_aligner/seekerL/seekerR/seekerL/seekerR/seekerR/seekerL/seekerL/sel | u_lane_original/gearbox32to66_cmp/u_aligner/seekerR/seekerL/seeker_pos_idx_c_reg[0]_35[0]                              |                1 |              5 |         5.00 |
|  u_pll/inst/clk_out1 | u_lane_original/gearbox32to66_cmp/u_aligner/seekerL/seekerR/seekerR/seekerR/seekerL/seekerR/seekerL/sel | u_lane_original/gearbox32to66_cmp/u_aligner/seekerR/seekerL/seeker_pos_idx_c_reg[0]_77[0]                              |                1 |              5 |         5.00 |
|  u_pll/inst/clk_out1 | u_lane_original/gearbox32to66_cmp/u_aligner/seekerL/seekerR/seekerR/seekerR/seekerL/seekerL/seekerL/sel | u_lane_original/gearbox32to66_cmp/u_aligner/seekerR/seekerL/seeker_pos_idx_c_reg[0]_71[0]                              |                1 |              5 |         5.00 |
|  u_pll/inst/clk_out1 | u_lane_original/gearbox32to66_cmp/u_aligner/seekerL/seekerR/seekerR/seekerR/seekerL/seekerL/seekerR/sel | u_lane_original/gearbox32to66_cmp/u_aligner/seekerR/seekerL/seeker_pos_idx_c_reg[0]_74[0]                              |                1 |              5 |         5.00 |
|  u_pll/inst/clk_out1 | u_lane_original/gearbox32to66_cmp/u_aligner/seekerL/seekerR/seekerR/seekerR/seekerR/seekerR/seekerL/sel | u_lane_original/gearbox32to66_cmp/u_aligner/seekerR/seekerL/seeker_pos_idx_c_reg[0]_89[0]                              |                1 |              5 |         5.00 |
|  u_pll/inst/clk_out1 | u_lane_original/gearbox32to66_cmp/u_aligner/seekerL/seekerR/seekerR/seekerR/seekerR/seekerR/seekerR/sel | u_lane_original/gearbox32to66_cmp/u_aligner/seekerR/seekerL/seeker_pos_idx_c_reg[0]_92[0]                              |                1 |              5 |         5.00 |
|  u_pll/inst/clk_out1 | u_lane_original/gearbox32to66_cmp/u_aligner/seekerL/seekerR/seekerR/seekerR/seekerR/seekerL/seekerL/sel | u_lane_original/gearbox32to66_cmp/u_aligner/seekerR/seekerL/seeker_pos_idx_c_reg[0]_83[0]                              |                1 |              5 |         5.00 |
|  u_pll/inst/clk_out1 | u_lane_original/gearbox32to66_cmp/u_aligner/seekerL/seekerR/seekerR/seekerR/seekerR/seekerL/seekerR/sel | u_lane_original/gearbox32to66_cmp/u_aligner/seekerR/seekerL/seeker_pos_idx_c_reg[0]_86[0]                              |                1 |              5 |         5.00 |
|  u_pll/inst/clk_out1 | u_lane_original/gearbox32to66_cmp/u_aligner/seekerL/seekerR/seekerR/seekerL/seekerL/seekerL/seekerL/sel | u_lane_original/gearbox32to66_cmp/u_aligner/seekerR/seekerL/seeker_pos_idx_c_reg[0]_47[0]                              |                1 |              5 |         5.00 |
|  u_pll/inst/clk_out1 | u_lane_original/gearbox32to66_cmp/u_aligner/seekerL/seekerR/seekerR/seekerL/seekerL/seekerL/seekerR/sel | u_lane_original/gearbox32to66_cmp/u_aligner/seekerR/seekerL/seeker_pos_idx_c_reg[0]_50[0]                              |                1 |              5 |         5.00 |
|  u_pll/inst/clk_out1 | u_lane_original/gearbox32to66_cmp/u_aligner/seekerL/seekerR/seekerR/seekerL/seekerL/seekerR/seekerL/sel | u_lane_original/gearbox32to66_cmp/u_aligner/seekerR/seekerL/seeker_pos_idx_c_reg[0]_53[0]                              |                1 |              5 |         5.00 |
|  u_pll/inst/clk_out1 | u_lane_original/gearbox32to66_cmp/u_aligner/seekerL/seekerR/seekerR/seekerL/seekerL/seekerR/seekerR/sel | u_lane_original/gearbox32to66_cmp/u_aligner/seekerR/seekerL/seeker_pos_idx_c_reg[0]_56[0]                              |                1 |              5 |         5.00 |
|  u_pll/inst/clk_out1 | u_lane_original/gearbox32to66_cmp/u_aligner/seekerL/seekerR/seekerR/seekerL/seekerR/seekerL/seekerL/sel | u_lane_original/gearbox32to66_cmp/u_aligner/seekerR/seekerL/seeker_pos_idx_c_reg[0]_59[0]                              |                1 |              5 |         5.00 |
|  u_pll/inst/clk_out1 | u_lane_original/gearbox32to66_cmp/u_aligner/seekerL/seekerR/seekerR/seekerL/seekerR/seekerL/seekerR/sel | u_lane_original/gearbox32to66_cmp/u_aligner/seekerR/seekerL/seeker_pos_idx_c_reg[0]_62[0]                              |                1 |              5 |         5.00 |
|  u_pll/inst/clk_out1 | u_lane_original/gearbox32to66_cmp/u_aligner/seekerL/seekerR/seekerL/seekerR/seekerL/seekerL/seekerL/sel | u_lane_original/gearbox32to66_cmp/u_aligner/seekerR/seekerL/seeker_pos_idx_c_reg[0]_23[0]                              |                1 |              5 |         5.00 |
|  u_pll/inst/clk_out1 | u_lane_original/gearbox32to66_cmp/u_aligner/seekerL/seekerR/seekerL/seekerR/seekerL/seekerL/seekerR/sel | u_lane_original/gearbox32to66_cmp/u_aligner/seekerR/seekerL/seeker_pos_idx_c_reg[0]_26[0]                              |                1 |              5 |         5.00 |
|  u_pll/inst/clk_out1 | u_lane_original/gearbox32to66_cmp/u_aligner/seekerL/seekerR/seekerL/seekerR/seekerL/seekerR/seekerL/sel | u_lane_original/gearbox32to66_cmp/u_aligner/seekerR/seekerL/seeker_pos_idx_c_reg[0]_29[0]                              |                1 |              5 |         5.00 |
|  u_pll/inst/clk_out1 | u_lane_original/gearbox32to66_cmp/u_aligner/seekerL/seekerR/seekerL/seekerR/seekerL/seekerR/seekerR/sel | u_lane_original/gearbox32to66_cmp/u_aligner/seekerR/seekerL/seeker_pos_idx_c_reg[0]_32[0]                              |                1 |              5 |         5.00 |
|  u_pll/inst/clk_out1 | u_lane_original/gearbox32to66_cmp/u_aligner/seekerL/seekerR/seekerR/seekerL/seekerR/seekerR/seekerL/sel | u_lane_original/gearbox32to66_cmp/u_aligner/seekerR/seekerL/seeker_pos_idx_c_reg[0]_65[0]                              |                1 |              5 |         5.00 |
|  u_pll/inst/clk_out1 | u_lane_original/gearbox32to66_cmp/u_aligner/seekerL/seekerR/seekerR/seekerR/seekerL/seekerR/seekerR/sel | u_lane_original/gearbox32to66_cmp/u_aligner/seekerR/seekerL/seeker_pos_idx_c_reg[0]_80[0]                              |                1 |              5 |         5.00 |
|  u_pll/inst/clk_out1 | u_lane_original/gearbox32to66_cmp/u_aligner/seekerL/seekerL/sel                                         | u_lane_original/gearbox32to66_cmp/u_aligner/seekerL/seekerL/hdr_cnt                                                    |                1 |              5 |         5.00 |
|  u_pll/inst/clk_out1 | u_lane_original/gearbox32to66_cmp/u_aligner/seekerL/seekerR/seekerL/seekerL/seekerR/seekerL/seekerL/sel | u_lane_original/gearbox32to66_cmp/u_aligner/seekerR/seekerL/seeker_pos_idx_c_reg[0]_11[0]                              |                2 |              5 |         2.50 |
|  u_pll/inst/clk_out1 | u_lane_original/gearbox32to66_cmp/u_aligner/seekerL/seekerR/seekerL/seekerL/seekerR/seekerL/seekerR/sel | u_lane_original/gearbox32to66_cmp/u_aligner/seekerR/seekerL/seeker_pos_idx_c_reg[0]_14[0]                              |                1 |              5 |         5.00 |
|  u_pll/inst/clk_out1 | u_lane_original/gearbox32to66_cmp/u_aligner/seekerL/seekerR/seekerL/seekerL/seekerR/seekerR/seekerL/sel | u_lane_original/gearbox32to66_cmp/u_aligner/seekerR/seekerL/seeker_pos_idx_c_reg[0]_17[0]                              |                1 |              5 |         5.00 |
|  u_pll/inst/clk_out1 | u_lane_original/gearbox32to66_cmp/u_aligner/seekerL/seekerR/seekerL/seekerL/seekerR/seekerR/seekerR/sel | u_lane_original/gearbox32to66_cmp/u_aligner/seekerR/seekerL/seeker_pos_idx_c_reg[0]_20[0]                              |                1 |              5 |         5.00 |
|  u_pll/inst/clk_out1 | u_lane_original/gearbox32to66_cmp/u_aligner/seekerL/seekerR/seekerL/seekerR/seekerR/seekerL/seekerR/sel | u_lane_original/gearbox32to66_cmp/u_aligner/seekerR/seekerL/seeker_pos_idx_c_reg[0]_38[0]                              |                1 |              5 |         5.00 |
|  u_pll/inst/clk_out1 | u_lane_original/gearbox32to66_cmp/u_aligner/seekerL/seekerR/seekerL/seekerR/seekerR/seekerR/seekerL/sel | u_lane_original/gearbox32to66_cmp/u_aligner/seekerR/seekerL/seeker_pos_idx_c_reg[0]_41[0]                              |                1 |              5 |         5.00 |
|  u_pll/inst/clk_out1 | u_lane_original/gearbox32to66_cmp/u_aligner/seekerL/seekerR/seekerL/seekerR/seekerR/seekerR/seekerR/sel | u_lane_original/gearbox32to66_cmp/u_aligner/seekerR/seekerL/seeker_pos_idx_c_reg[0]_44[0]                              |                1 |              5 |         5.00 |
|  u_pll/inst/clk_out1 | u_lane_original/gearbox32to66_cmp/u_aligner/seekerL/seekerR/seekerL/seekerL/seekerL/seekerL/seekerL/sel | u_lane_original/gearbox32to66_cmp/u_aligner/seekerR/seekerL/seeker_pos_idx_c_reg[0]_0[0]                               |                1 |              5 |         5.00 |
|  u_pll/inst/clk_out1 | u_lane_original/gearbox32to66_cmp/u_aligner/seekerL/seekerR/seekerL/seekerL/seekerL/seekerL/seekerR/sel | u_lane_original/gearbox32to66_cmp/u_aligner/seekerR/seekerL/seeker_pos_idx_c_reg[0]_2[0]                               |                1 |              5 |         5.00 |
|  u_pll/inst/clk_out1 | u_lane_original/gearbox32to66_cmp/u_aligner/seekerL/seekerR/seekerL/seekerL/seekerL/seekerR/seekerL/sel | u_lane_original/gearbox32to66_cmp/u_aligner/seekerR/seekerL/seeker_pos_idx_c_reg[0]_5[0]                               |                1 |              5 |         5.00 |
|  u_pll/inst/clk_out1 | u_lane_original/gearbox32to66_cmp/u_aligner/seekerL/seekerR/seekerL/seekerL/seekerL/seekerR/seekerR/sel | u_lane_original/gearbox32to66_cmp/u_aligner/seekerR/seekerL/seeker_pos_idx_c_reg[0]_8[0]                               |                1 |              5 |         5.00 |
|  u_pll/inst/clk_out1 | u_lane_original/gearbox32to66_cmp/u_aligner/seekerR/seekerR/seekerR/seekerR/seekerR/seekerR/seekerL/sel | u_lane_original/gearbox32to66_cmp/u_aligner/seekerR/seekerL/seeker_pos_idx_c_reg[0]_184[0]                             |                1 |              5 |         5.00 |
|  u_pll/inst/clk_out1 | u_lane_original/gearbox32to66_cmp/u_aligner/seekerR/seekerR/seekerR/seekerR/seekerR/seekerR/seekerR/sel | u_lane_original/gearbox32to66_cmp/u_aligner/seekerR/seekerL/seeker_pos_idx_c_reg[0]_187[0]                             |                1 |              5 |         5.00 |
|  u_pll/inst/clk_out1 | u_lane_original/gearbox32to66_cmp/u_aligner/seekerR/seekerR/seekerR/seekerR/seekerL/seekerL/seekerL/sel | u_lane_original/gearbox32to66_cmp/u_aligner/seekerR/seekerL/seeker_pos_idx_c_reg[0]_167[0]                             |                1 |              5 |         5.00 |
|  u_pll/inst/clk_out1 | u_lane_original/gearbox32to66_cmp/u_aligner/seekerR/seekerR/seekerR/seekerR/seekerL/seekerL/seekerR/sel | u_lane_original/gearbox32to66_cmp/u_aligner/seekerR/seekerL/seeker_pos_idx_c_reg[0]_170[0]                             |                1 |              5 |         5.00 |
|  u_pll/inst/clk_out1 | u_lane_original/gearbox32to66_cmp/u_aligner/seekerR/seekerR/seekerR/seekerR/seekerL/seekerR/seekerL/sel | u_lane_original/gearbox32to66_cmp/u_aligner/seekerR/seekerL/seeker_pos_idx_c_reg[0]_173[0]                             |                1 |              5 |         5.00 |
|  u_pll/inst/clk_out1 | u_lane_original/gearbox32to66_cmp/u_aligner/seekerR/seekerR/seekerR/seekerR/seekerL/seekerR/seekerR/sel | u_lane_original/gearbox32to66_cmp/u_aligner/seekerR/seekerL/seeker_pos_idx_c_reg[0]_176[0]                             |                1 |              5 |         5.00 |
|  u_pll/inst/clk_out1 | u_lane_original/gearbox32to66_cmp/u_aligner/seekerR/seekerR/seekerL/seekerL/seekerL/seekerR/seekerL/sel | u_lane_original/gearbox32to66_cmp/u_aligner/seekerR/seekerL/seeker_pos_idx_c_reg[0]_101[0]                             |                1 |              5 |         5.00 |
|  u_pll/inst/clk_out1 | u_lane_original/gearbox32to66_cmp/u_aligner/seekerR/seekerR/seekerR/seekerL/seekerR/seekerL/seekerL/sel | u_lane_original/gearbox32to66_cmp/u_aligner/seekerR/seekerL/seeker_pos_idx_c_reg[0]_155[0]                             |                1 |              5 |         5.00 |
|  u_pll/inst/clk_out1 | u_lane_original/gearbox32to66_cmp/u_aligner/seekerR/seekerR/seekerR/seekerL/seekerR/seekerL/seekerR/sel | u_lane_original/gearbox32to66_cmp/u_aligner/seekerR/seekerL/seeker_pos_idx_c_reg[0]_158[0]                             |                1 |              5 |         5.00 |
|  u_pll/inst/clk_out1 | u_lane_original/gearbox32to66_cmp/u_aligner/seekerR/seekerR/seekerR/seekerL/seekerR/seekerR/seekerL/sel | u_lane_original/gearbox32to66_cmp/u_aligner/seekerR/seekerL/seeker_pos_idx_c_reg[0]_161[0]                             |                2 |              5 |         2.50 |
|  u_pll/inst/clk_out1 | u_lane_original/gearbox32to66_cmp/u_aligner/seekerR/seekerR/seekerR/seekerL/seekerR/seekerR/seekerR/sel | u_lane_original/gearbox32to66_cmp/u_aligner/seekerR/seekerL/seeker_pos_idx_c_reg[0]_164[0]                             |                1 |              5 |         5.00 |
|  u_pll/inst/clk_out1 | u_lane_original/gearbox32to66_cmp/u_aligner/seekerL/seekerR/seekerR/seekerL/seekerR/seekerR/seekerR/sel | u_lane_original/gearbox32to66_cmp/u_aligner/seekerR/seekerL/seeker_pos_idx_c_reg[0]_68[0]                              |                1 |              5 |         5.00 |
|  u_pll/inst/clk_out1 | u_lane_original/gearbox32to66_cmp/u_aligner/seekerR/seekerL/sel                                         | u_lane_original/gearbox32to66_cmp/u_aligner/seekerR/seekerL/hdr_cnt[4]_i_1__64_n_0                                     |                1 |              5 |         5.00 |
|  u_pll/inst/clk_out1 | u_lane_original/gearbox32to66_cmp/u_aligner/seekerR/seekerR/seekerR/seekerL/seekerL/seekerR/seekerL/sel | u_lane_original/gearbox32to66_cmp/u_aligner/seekerR/seekerL/seeker_pos_idx_c_reg[0]_149[0]                             |                1 |              5 |         5.00 |
|  u_pll/inst/clk_out1 | u_lane_original/gearbox32to66_cmp/u_aligner/seekerR/seekerR/seekerR/seekerL/seekerL/seekerR/seekerR/sel | u_lane_original/gearbox32to66_cmp/u_aligner/seekerR/seekerL/seeker_pos_idx_c_reg[0]_152[0]                             |                1 |              5 |         5.00 |
|  u_pll/inst/clk_out1 | u_lane_original/gearbox32to66_cmp/u_aligner/seekerR/seekerR/seekerR/seekerR/seekerR/seekerL/seekerL/sel | u_lane_original/gearbox32to66_cmp/u_aligner/seekerR/seekerL/seeker_pos_idx_c_reg[0]_179[0]                             |                1 |              5 |         5.00 |
|  u_pll/inst/clk_out1 | u_lane_original/gearbox32to66_cmp/u_aligner/seekerR/seekerR/seekerR/seekerL/seekerL/seekerL/seekerL/sel | u_lane_original/gearbox32to66_cmp/u_aligner/seekerR/seekerL/seeker_pos_idx_c_reg[0]_143[0]                             |                1 |              5 |         5.00 |
|  u_pll/inst/clk_out1 | u_lane_original/gearbox32to66_cmp/u_aligner/seekerR/seekerR/seekerR/seekerL/seekerL/seekerL/seekerR/sel | u_lane_original/gearbox32to66_cmp/u_aligner/seekerR/seekerL/seeker_pos_idx_c_reg[0]_146[0]                             |                1 |              5 |         5.00 |
|  u_pll/inst/clk_out1 | u_lane_original/gearbox32to66_cmp/u_aligner/seekerR/seekerR/seekerL/seekerR/seekerR/seekerL/seekerL/sel | u_lane_original/gearbox32to66_cmp/u_aligner/seekerR/seekerL/seeker_pos_idx_c_reg[0]_131[0]                             |                1 |              5 |         5.00 |
|  u_pll/inst/clk_out1 | u_lane_original/gearbox32to66_cmp/u_aligner/seekerR/seekerR/seekerL/seekerR/seekerR/seekerL/seekerR/sel | u_lane_original/gearbox32to66_cmp/u_aligner/seekerR/seekerL/seeker_pos_idx_c_reg[0]_134[0]                             |                1 |              5 |         5.00 |
|  u_pll/inst/clk_out1 | u_lane_original/xapp1017_serdes_1280.serdes_cmp/loop3[0].dc_inst/m_delay_val_int[4]_i_1_n_0             |                                                                                                                        |                2 |              5 |         2.50 |
|  u_pll/inst/clk_out1 | u_lane_original/xapp1017_serdes_1280.serdes_cmp/loop3[0].dc_inst/s_delay_val_eye[4]_i_1_n_0             | gpio_switch_IBUF[7]                                                                                                    |                1 |              5 |         5.00 |
|  u_pll/inst/clk_out1 | u_lane_original/xapp1017_serdes_1280.serdes_cmp/loop3[0].dc_inst/s_delay_val_int[4]_i_1_n_0             | gpio_switch_IBUF[7]                                                                                                    |                2 |              5 |         2.50 |
|  u_pll/inst/clk_out1 | u_lane_original/gearbox32to66_cmp/u_aligner/seekerR/seekerR/seekerL/seekerR/seekerR/seekerR/seekerL/sel | u_lane_original/gearbox32to66_cmp/u_aligner/seekerR/seekerL/seeker_pos_idx_c_reg[0]_137[0]                             |                1 |              5 |         5.00 |
|  u_pll/inst/clk_out1 | u_lane_original/gearbox32to66_cmp/data66_cnt[5]_i_1_n_0                                                 | gpio_switch_IBUF[7]                                                                                                    |                1 |              6 |         6.00 |
|  u_pll/inst/clk_out1 | u_lane_original/xapp1017_serdes_1280.serdes_cmp/loop3[0].dc_inst/pdcount[5]_i_2_n_0                     | u_lane_original/xapp1017_serdes_1280.serdes_cmp/loop3[0].dc_inst/pdcount[5]_i_1_n_0                                    |                2 |              6 |         3.00 |
|  u_pll/inst/clk_out1 | u_lane_original/xapp1017_serdes_1280.serdes_cmp/m_count[5]_i_1_n_0                                      | gpio_switch_IBUF[7]                                                                                                    |                2 |              6 |         3.00 |
|  u_pll/inst/clk_out1 | u_lane_original/gearbox32to66_cmp/u_aligner/seekerR/seekerL/seeker_pos_idx_c_reg[0]_180[0]              | u_lane_original/gearbox32to66_cmp/u_aligner/seekerR/seekerL/seeker_pos_idx_c_reg[0]_178[0]                             |                4 |              7 |         1.75 |
|  u_pll/inst/clk_out1 | u_lane_original/gearbox32to66_cmp/u_aligner/seekerR/seekerL/seeker_pos_idx_c_reg[0]_27[0]               | u_lane_original/gearbox32to66_cmp/u_aligner/seekerR/seekerL/seeker_pos_idx_c_reg[0]_25[0]                              |                2 |              7 |         3.50 |
|  u_pll/inst/clk_out1 | u_lane_original/gearbox32to66_cmp/u_aligner/seekerR/seekerL/seeker_pos_idx_c_reg[0]_30[0]               | u_lane_original/gearbox32to66_cmp/u_aligner/seekerR/seekerL/seeker_pos_idx_c_reg[0]_28[0]                              |                2 |              7 |         3.50 |
|  u_pll/inst/clk_out1 | u_lane_original/gearbox32to66_cmp/u_aligner/seekerR/seekerL/seeker_pos_idx_c_reg[0]_188[0]              | u_lane_original/gearbox32to66_cmp/u_aligner/seekerR/seekerL/seeker_pos_idx_c_reg[0]_186[0]                             |                2 |              7 |         3.50 |
|  u_pll/inst/clk_out1 | u_lane_original/gearbox32to66_cmp/u_aligner/seekerR/seekerL/seeker_pos_idx_c_reg[0]_33[0]               | u_lane_original/gearbox32to66_cmp/u_aligner/seekerR/seekerL/seeker_pos_idx_c_reg[0]_31[0]                              |                2 |              7 |         3.50 |
|  u_pll/inst/clk_out1 | u_lane_original/gearbox32to66_cmp/u_aligner/seekerR/seekerL/seeker_pos_idx_c_reg[0]_36[0]               | u_lane_original/gearbox32to66_cmp/u_aligner/seekerR/seekerL/seeker_pos_idx_c_reg[0]_34[0]                              |                3 |              7 |         2.33 |
|  u_pll/inst/clk_out1 | u_lane_original/gearbox32to66_cmp/u_aligner/seekerR/seekerL/seeker_pos_idx_c_reg[0]_21[0]               | u_lane_original/gearbox32to66_cmp/u_aligner/seekerR/seekerL/seeker_pos_idx_c_reg[0]_19[0]                              |                3 |              7 |         2.33 |
|  u_pll/inst/clk_out1 | u_lane_original/gearbox32to66_cmp/u_aligner/seekerR/seekerL/seeker_pos_idx_c_reg[0]_39[0]               | u_lane_original/gearbox32to66_cmp/u_aligner/seekerR/seekerL/seeker_pos_idx_c_reg[0]_37[0]                              |                2 |              7 |         3.50 |
|  u_pll/inst/clk_out1 | u_lane_original/gearbox32to66_cmp/u_aligner/seekerR/seekerL/seeker_pos_idx_c_reg[0]_183[0]              | u_lane_original/gearbox32to66_cmp/u_aligner/seekerR/seekerL/seeker_pos_idx_c_reg[0]_181[0]                             |                2 |              7 |         3.50 |
|  u_pll/inst/clk_out1 | u_lane_original/gearbox32to66_cmp/u_aligner/seekerR/seekerL/seeker_pos_idx_c_reg[0]_18[0]               | u_lane_original/gearbox32to66_cmp/u_aligner/seekerR/seekerL/seeker_pos_idx_c_reg[0]_16[0]                              |                3 |              7 |         2.33 |
|  u_pll/inst/clk_out1 | u_lane_original/gearbox32to66_cmp/u_aligner/seekerR/seekerL/seeker_pos_idx_c_reg[0]_162[0]              | u_lane_original/gearbox32to66_cmp/u_aligner/seekerR/seekerL/seeker_pos_idx_c_reg[0]_160[0]                             |                2 |              7 |         3.50 |
|  u_pll/inst/clk_out1 | u_lane_original/gearbox32to66_cmp/u_aligner/seekerR/seekerL/seeker_pos_idx_c_reg[0]_177[0]              | u_lane_original/gearbox32to66_cmp/u_aligner/seekerR/seekerL/seeker_pos_idx_c_reg[0]_175[0]                             |                4 |              7 |         1.75 |
|  u_pll/inst/clk_out1 | u_lane_original/gearbox32to66_cmp/u_aligner/seekerR/seekerL/seeker_pos_idx_c_reg[0]_168[0]              | u_lane_original/gearbox32to66_cmp/u_aligner/seekerR/seekerL/seeker_pos_idx_c_reg[0]_166[0]                             |                2 |              7 |         3.50 |
|  u_pll/inst/clk_out1 | u_lane_original/gearbox32to66_cmp/u_aligner/seekerR/seekerL/seeker_pos_idx_c_reg[0]_185[0]              | u_lane_original/gearbox32to66_cmp/u_aligner/seekerR/seekerL/seeker_pos_idx_c_reg[6]_0[0]                               |                2 |              7 |         3.50 |
|  u_pll/inst/clk_out1 | u_lane_original/gearbox32to66_cmp/u_aligner/seekerR/seekerL/seeker_pos_idx_c_reg[0]_174[0]              | u_lane_original/gearbox32to66_cmp/u_aligner/seekerR/seekerL/seeker_pos_idx_c_reg[0]_172[0]                             |                2 |              7 |         3.50 |
|  u_pll/inst/clk_out1 | u_lane_original/gearbox32to66_cmp/u_aligner/seekerR/seekerL/seeker_pos_idx_c_reg[0]_24[0]               | u_lane_original/gearbox32to66_cmp/u_aligner/seekerR/seekerL/seeker_pos_idx_c_reg[0]_22[0]                              |                3 |              7 |         2.33 |
|  u_pll/inst/clk_out1 | u_lane_original/gearbox32to66_cmp/u_aligner/seekerR/seekerL/seeker_pos_idx_c_reg[0]_171[0]              | u_lane_original/gearbox32to66_cmp/u_aligner/seekerR/seekerL/seeker_pos_idx_c_reg[0]_169[0]                             |                2 |              7 |         3.50 |
|  u_pll/inst/clk_out1 | u_lane_original/gearbox32to66_cmp/u_aligner/seekerR/seekerL/seeker_pos_idx_c_reg[0]_9[0]                | u_lane_original/gearbox32to66_cmp/u_aligner/seekerR/seekerL/seeker_pos_idx_c_reg[0]_7[0]                               |                3 |              7 |         2.33 |
|  u_pll/inst/clk_out1 | u_lane_original/gearbox32to66_cmp/u_aligner/seekerR/seekerL/seeker_pos_idx_c_reg[0]_3[0]                | u_lane_original/gearbox32to66_cmp/u_aligner/seekerR/seekerL/seeker_pos_idx_c_reg[0]_1[0]                               |                3 |              7 |         2.33 |
|  u_pll/inst/clk_out1 | u_lane_original/gearbox32to66_cmp/u_aligner/seekerR/seekerL/seeker_pos_idx_c_reg[0]_54[0]               | u_lane_original/gearbox32to66_cmp/u_aligner/seekerR/seekerL/seeker_pos_idx_c_reg[0]_52[0]                              |                2 |              7 |         3.50 |
|  u_pll/inst/clk_out1 | u_lane_original/gearbox32to66_cmp/u_aligner/seekerR/seekerL/seeker_pos_idx_c_reg[0]_63[0]               | u_lane_original/gearbox32to66_cmp/u_aligner/seekerR/seekerL/seeker_pos_idx_c_reg[0]_61[0]                              |                3 |              7 |         2.33 |
|  u_pll/inst/clk_out1 | u_lane_original/gearbox32to66_cmp/u_aligner/seekerR/seekerL/seeker_pos_idx_c_reg[0]_69[0]               | u_lane_original/gearbox32to66_cmp/u_aligner/seekerR/seekerL/seeker_pos_idx_c_reg[0]_67[0]                              |                3 |              7 |         2.33 |
|  u_pll/inst/clk_out1 | u_lane_original/gearbox32to66_cmp/u_aligner/seekerR/seekerL/seeker_pos_idx_c_reg[0]_93[0]               | u_lane_original/gearbox32to66_cmp/u_aligner/seekerR/seekerL/seeker_pos_idx_c_reg[0]_91[0]                              |                2 |              7 |         3.50 |
|  u_pll/inst/clk_out1 | u_lane_original/gearbox32to66_cmp/u_aligner/seekerR/seekerL/seeker_pos_idx_c_reg[0]_66[0]               | u_lane_original/gearbox32to66_cmp/u_aligner/seekerR/seekerL/seeker_pos_idx_c_reg[0]_64[0]                              |                2 |              7 |         3.50 |
|  u_pll/inst/clk_out1 | u_lane_original/gearbox32to66_cmp/u_aligner/seekerR/seekerL/seeker_pos_idx_c_reg[0]_90[0]               | u_lane_original/gearbox32to66_cmp/u_aligner/seekerR/seekerL/seeker_pos_idx_c_reg[0]_88[0]                              |                4 |              7 |         1.75 |
|  u_pll/inst/clk_out1 | u_lane_original/gearbox32to66_cmp/u_aligner/seekerR/seekerL/seeker_pos_idx_c_reg[0]_102[0]              | u_lane_original/gearbox32to66_cmp/u_aligner/seekerR/seekerL/seeker_pos_idx_c_reg[0]_100[0]                             |                2 |              7 |         3.50 |
|  u_pll/inst/clk_out1 | u_lane_original/gearbox32to66_cmp/u_aligner/seekerR/seekerL/seeker_pos_idx_c_reg[0]_105[0]              | u_lane_original/gearbox32to66_cmp/u_aligner/seekerR/seekerL/seeker_pos_idx_c_reg[0]_103[0]                             |                3 |              7 |         2.33 |
|  u_pll/inst/clk_out1 | u_lane_original/gearbox32to66_cmp/u_aligner/seekerR/seekerL/seeker_pos_idx_c_reg[0]_114[0]              | u_lane_original/gearbox32to66_cmp/u_aligner/seekerR/seekerL/seeker_pos_idx_c_reg[0]_112[0]                             |                4 |              7 |         1.75 |
|  u_pll/inst/clk_out1 | u_lane_original/gearbox32to66_cmp/u_aligner/seekerR/seekerL/seeker_pos_idx_c_reg[0]_120[0]              | u_lane_original/gearbox32to66_cmp/u_aligner/seekerR/seekerL/seeker_pos_idx_c_reg[0]_118[0]                             |                2 |              7 |         3.50 |
|  u_pll/inst/clk_out1 | u_lane_original/gearbox32to66_cmp/u_aligner/seekerR/seekerL/seeker_pos_idx_c_reg[0]_126[0]              | u_lane_original/gearbox32to66_cmp/u_aligner/seekerR/seekerL/seeker_pos_idx_c_reg[0]_124[0]                             |                2 |              7 |         3.50 |
|  u_pll/inst/clk_out1 | u_lane_original/gearbox32to66_cmp/u_aligner/seekerR/seekerL/seeker_pos_idx_c_reg[0]_132[0]              | u_lane_original/gearbox32to66_cmp/u_aligner/seekerR/seekerL/seeker_pos_idx_c_reg[0]_130[0]                             |                2 |              7 |         3.50 |
|  u_pll/inst/clk_out1 | u_lane_original/gearbox32to66_cmp/u_aligner/seekerR/seekerL/seeker_pos_idx_c_reg[0]_135[0]              | u_lane_original/gearbox32to66_cmp/u_aligner/seekerR/seekerL/seeker_pos_idx_c_reg[0]_133[0]                             |                4 |              7 |         1.75 |
|  u_pll/inst/clk_out1 | u_lane_original/gearbox32to66_cmp/u_aligner/seekerR/seekerL/seeker_pos_idx_c_reg[0]_144[0]              | u_lane_original/gearbox32to66_cmp/u_aligner/seekerR/seekerL/seeker_pos_idx_c_reg[0]_142[0]                             |                2 |              7 |         3.50 |
|  u_pll/inst/clk_out1 | u_lane_original/gearbox32to66_cmp/u_aligner/seekerR/seekerL/seeker_pos_idx_c_reg[0]_147[0]              | u_lane_original/gearbox32to66_cmp/u_aligner/seekerR/seekerL/seeker_pos_idx_c_reg[0]_145[0]                             |                3 |              7 |         2.33 |
|  u_pll/inst/clk_out1 | u_lane_original/gearbox32to66_cmp/u_aligner/seekerR/seekerL/seeker_pos_idx_c_reg[0]_111[0]              | u_lane_original/gearbox32to66_cmp/u_aligner/seekerR/seekerL/seeker_pos_idx_c_reg[0]_109[0]                             |                3 |              7 |         2.33 |
|  u_pll/inst/clk_out1 | u_lane_original/gearbox32to66_cmp/u_aligner/seekerR/seekerL/seeker_pos_idx_c_reg[0]_117[0]              | u_lane_original/gearbox32to66_cmp/u_aligner/seekerR/seekerL/seeker_pos_idx_c_reg[0]_115[0]                             |                2 |              7 |         3.50 |
|  u_pll/inst/clk_out1 | u_lane_original/gearbox32to66_cmp/u_aligner/seekerR/seekerL/seeker_pos_idx_c_reg[0]_123[0]              | u_lane_original/gearbox32to66_cmp/u_aligner/seekerR/seekerL/seeker_pos_idx_c_reg[0]_121[0]                             |                2 |              7 |         3.50 |
|  u_pll/inst/clk_out1 | u_lane_original/gearbox32to66_cmp/u_aligner/seekerR/seekerL/seeker_pos_idx_c_reg[0]_81[0]               | u_lane_original/gearbox32to66_cmp/u_aligner/seekerR/seekerL/seeker_pos_idx_c_reg[0]_79[0]                              |                2 |              7 |         3.50 |
|  u_pll/inst/clk_out1 | u_lane_original/gearbox32to66_cmp/u_aligner/seekerR/seekerL/seeker_pos_idx_c_reg[0]_153[0]              | u_lane_original/gearbox32to66_cmp/u_aligner/seekerR/seekerL/seeker_pos_idx_c_reg[0]_151[0]                             |                2 |              7 |         3.50 |
|  u_pll/inst/clk_out1 | u_lane_original/gearbox32to66_cmp/u_aligner/seekerR/seekerL/seeker_pos_idx_c_reg[0]_129[0]              | u_lane_original/gearbox32to66_cmp/u_aligner/seekerR/seekerL/seeker_pos_idx_c_reg[0]_127[0]                             |                3 |              7 |         2.33 |
|  u_pll/inst/clk_out1 | u_lane_original/gearbox32to66_cmp/u_aligner/seekerR/seekerL/seeker_pos_idx_c_reg[0]_138[0]              | u_lane_original/gearbox32to66_cmp/u_aligner/seekerR/seekerL/seeker_pos_idx_c_reg[0]_136[0]                             |                3 |              7 |         2.33 |
|  u_pll/inst/clk_out1 | u_lane_original/gearbox32to66_cmp/u_aligner/seekerR/seekerL/seeker_pos_idx_c_reg[0]_156[0]              | u_lane_original/gearbox32to66_cmp/u_aligner/seekerR/seekerL/seeker_pos_idx_c_reg[0]_154[0]                             |                2 |              7 |         3.50 |
|  u_pll/inst/clk_out1 | u_lane_original/gearbox32to66_cmp/u_aligner/seekerR/seekerL/seeker_pos_idx_c_reg[0]_15[0]               | u_lane_original/gearbox32to66_cmp/u_aligner/seekerR/seekerL/seeker_pos_idx_c_reg[0]_13[0]                              |                2 |              7 |         3.50 |
|  u_pll/inst/clk_out1 | u_lane_original/gearbox32to66_cmp/u_aligner/seekerR/seekerL/seeker_pos_idx_c_reg[0]_150[0]              | u_lane_original/gearbox32to66_cmp/u_aligner/seekerR/seekerL/seeker_pos_idx_c_reg[0]_148[0]                             |                2 |              7 |         3.50 |
|  u_pll/inst/clk_out1 | u_lane_original/gearbox32to66_cmp/u_aligner/seekerR/seekerL/seeker_pos_idx_c_reg[0]_12[0]               | u_lane_original/gearbox32to66_cmp/u_aligner/seekerR/seekerL/seeker_pos_idx_c_reg[0]_10[0]                              |                2 |              7 |         3.50 |
|  u_pll/inst/clk_out1 | u_lane_original/gearbox32to66_cmp/u_aligner/seekerR/seekerL/seeker_pos_idx_c_reg[0]_159[0]              | u_lane_original/gearbox32to66_cmp/u_aligner/seekerR/seekerL/seeker_pos_idx_c_reg[0]_157[0]                             |                3 |              7 |         2.33 |
|  u_pll/inst/clk_out1 | u_lane_original/gearbox32to66_cmp/u_aligner/seekerR/seekerL/seeker_pos_idx_c_reg[0]_108[0]              | u_lane_original/gearbox32to66_cmp/u_aligner/seekerR/seekerL/seeker_pos_idx_c_reg[0]_106[0]                             |                2 |              7 |         3.50 |
|  u_pll/inst/clk_out1 | u_lane_original/gearbox32to66_cmp/u_aligner/seekerR/seekerL/seeker_pos_idx_c_reg[0]_75[0]               | u_lane_original/gearbox32to66_cmp/u_aligner/seekerR/seekerL/seeker_pos_idx_c_reg[0]_73[0]                              |                3 |              7 |         2.33 |
|  u_pll/inst/clk_out1 | u_lane_original/gearbox32to66_cmp/u_aligner/seekerR/seekerL/E[0]                                        | u_lane_original/gearbox32to66_cmp/u_aligner/seekerR/seekerL/SR[0]                                                      |                4 |              7 |         1.75 |
|  u_pll/inst/clk_out1 | u_lane_original/gearbox32to66_cmp/u_aligner/seekerR/seekerL/seeker_pos_idx_c[6]_i_2__63_n_0             | u_lane_original/gearbox32to66_cmp/u_aligner/seekerR/seekerL/seeker_pos_idx_c[6]_i_1__63_n_0                            |                3 |              7 |         2.33 |
|  u_pll/inst/clk_out1 | u_lane_original/gearbox32to66_cmp/u_aligner/seekerR/seekerL/seeker_pos_idx_c_reg[0]_96[0]               | u_lane_original/gearbox32to66_cmp/u_aligner/seekerR/seekerL/seeker_pos_idx_c_reg[0]_94[0]                              |                4 |              7 |         1.75 |
|  u_pll/inst/clk_out1 | u_lane_original/gearbox32to66_cmp/gearbox_cnt                                                           | gpio_switch_IBUF[7]                                                                                                    |                2 |              7 |         3.50 |
|  u_pll/inst/clk_out1 | u_lane_original/gearbox32to66_cmp/u_aligner/seekerR/seekerL/seeker_pos_idx_c_reg[0]_141[0]              | u_lane_original/gearbox32to66_cmp/u_aligner/seekerR/seekerL/seeker_pos_idx_c_reg[0]_139[0]                             |                3 |              7 |         2.33 |
|  u_pll/inst/clk_out1 | u_lane_original/gearbox32to66_cmp/u_aligner/seekerR/seekerL/seeker_pos_idx_c_reg[0]_60[0]               | u_lane_original/gearbox32to66_cmp/u_aligner/seekerR/seekerL/seeker_pos_idx_c_reg[0]_58[0]                              |                3 |              7 |         2.33 |
|  u_pll/inst/clk_out1 | u_lane_original/gearbox32to66_cmp/u_aligner/seekerR/seekerL/seeker_pos_idx_c_reg[0]_48[0]               | u_lane_original/gearbox32to66_cmp/u_aligner/seekerR/seekerL/seeker_pos_idx_c_reg[0]_46[0]                              |                3 |              7 |         2.33 |
|  u_pll/inst/clk_out1 | u_lane_original/gearbox32to66_cmp/u_aligner/seekerR/seekerL/seeker_pos_idx_c_reg[0]_6[0]                | u_lane_original/gearbox32to66_cmp/u_aligner/seekerR/seekerL/seeker_pos_idx_c_reg[0]_4[0]                               |                3 |              7 |         2.33 |
|  u_pll/inst/clk_out1 | u_lane_original/gearbox32to66_cmp/data66_valid_o                                                        | u_lane_original/gearbox32to66_cmp/u_aligner/seekerL/seekerL/data66_valid_i_reg                                         |                1 |              7 |         7.00 |
|  u_pll/inst/clk_out1 | u_lane_original/gearbox32to66_cmp/u_aligner/seekerR/seekerL/seeker_pos_idx_c_reg[0]_45[0]               | u_lane_original/gearbox32to66_cmp/u_aligner/seekerR/seekerL/seeker_pos_idx_c_reg[0]_43[0]                              |                2 |              7 |         3.50 |
|  u_pll/inst/clk_out1 | u_lane_original/gearbox32to66_cmp/u_aligner/seekerR/seekerL/seeker_pos_idx_c_reg[0]_57[0]               | u_lane_original/gearbox32to66_cmp/u_aligner/seekerR/seekerL/seeker_pos_idx_c_reg[0]_55[0]                              |                3 |              7 |         2.33 |
|  u_pll/inst/clk_out1 | u_lane_original/gearbox32to66_cmp/u_aligner/seekerR/seekerL/seeker_pos_idx_c_reg[0]_72[0]               | u_lane_original/gearbox32to66_cmp/u_aligner/seekerR/seekerL/seeker_pos_idx_c_reg[0]_70[0]                              |                2 |              7 |         3.50 |
|  u_pll/inst/clk_out1 | u_lane_original/gearbox32to66_cmp/u_aligner/seekerR/seekerL/seeker_pos_idx_c_reg[0]_78[0]               | u_lane_original/gearbox32to66_cmp/u_aligner/seekerR/seekerL/seeker_pos_idx_c_reg[0]_76[0]                              |                2 |              7 |         3.50 |
|  u_pll/inst/clk_out1 | u_lane_original/gearbox32to66_cmp/u_aligner/seekerR/seekerL/seeker_pos_idx_c_reg[0]_51[0]               | u_lane_original/gearbox32to66_cmp/u_aligner/seekerR/seekerL/seeker_pos_idx_c_reg[0]_49[0]                              |                2 |              7 |         3.50 |
|  u_pll/inst/clk_out1 | u_lane_original/gearbox32to66_cmp/u_aligner/seekerR/seekerL/seeker_pos_idx_c_reg[0]_42[0]               | u_lane_original/gearbox32to66_cmp/u_aligner/seekerR/seekerL/seeker_pos_idx_c_reg[0]_40[0]                              |                2 |              7 |         3.50 |
|  u_pll/inst/clk_out1 | u_lane_original/gearbox32to66_cmp/u_aligner/seekerR/seekerL/seeker_pos_idx_c_reg[0]_87[0]               | u_lane_original/gearbox32to66_cmp/u_aligner/seekerR/seekerL/seeker_pos_idx_c_reg[0]_85[0]                              |                2 |              7 |         3.50 |
|  u_pll/inst/clk_out1 | u_lane_original/gearbox32to66_cmp/u_aligner/seekerR/seekerL/seeker_pos_idx_c_reg[0]_84[0]               | u_lane_original/gearbox32to66_cmp/u_aligner/seekerR/seekerL/seeker_pos_idx_c_reg[0]_82[0]                              |                2 |              7 |         3.50 |
|  u_pll/inst/clk_out1 | u_lane_original/gearbox32to66_cmp/u_aligner/seekerR/seekerL/seeker_pos_idx_c_reg[0]_99[0]               | u_lane_original/gearbox32to66_cmp/u_aligner/seekerR/seekerL/seeker_pos_idx_c_reg[0]_97[0]                              |                2 |              7 |         3.50 |
|  u_pll/inst/clk_out1 | u_lane_original/gearbox32to66_cmp/u_aligner/seekerR/seekerL/seeker_pos_idx_c_reg[0]_165[0]              | u_lane_original/gearbox32to66_cmp/u_aligner/seekerR/seekerL/seeker_pos_idx_c_reg[0]_163[0]                             |                2 |              7 |         3.50 |
|  u_pll/inst/clk_out1 | u_lane_original/xapp1017_serdes_1280.serdes_cmp/loop3[0].dc_inst/pd_hold[7]_i_1_n_0                     | gpio_switch_IBUF[7]                                                                                                    |                2 |              8 |         4.00 |
|  u_pll/inst/clk_out1 | u_lane_original/xapp1017_serdes_1280.serdes_cmp/loop3[0].dc_inst/E[0]                                   |                                                                                                                        |               10 |             20 |         2.00 |
|  u_pll/inst/clk_out1 | u_lane_original/xapp1017_serdes_1280.serdes_data32[31]_i_1_n_0                                          | gpio_switch_IBUF[7]                                                                                                    |               16 |             32 |         2.00 |
|  u_pll/inst/clk_out1 |                                                                                                         | gpio_switch_IBUF[7]                                                                                                    |               27 |             61 |         2.26 |
|  u_pll/inst/clk_out1 | u_lane_original/gearbox32to66_cmp/data66_buf2[65]_i_1_n_0                                               | gpio_switch_IBUF[7]                                                                                                    |               12 |             66 |         5.50 |
|  u_pll/inst/clk_out1 | u_lane_original/gearbox32to66_cmp/data66_o[65]_i_1_n_0                                                  | gpio_switch_IBUF[7]                                                                                                    |               12 |             66 |         5.50 |
|  u_pll/inst/clk_out1 | u_lane_original/gearbox32to66_cmp/data66_t_valid                                                        | gpio_switch_IBUF[7]                                                                                                    |               16 |             66 |         4.12 |
|  u_pll/inst/clk_out1 | u_lane_original/gearbox32to66_cmp/u_aligner/E[0]                                                        | gpio_switch_IBUF[7]                                                                                                    |               14 |             66 |         4.71 |
|  u_pll/inst/clk_out1 | u_lane_original/descrambled_data_valid                                                                  | gpio_switch_IBUF[7]                                                                                                    |               14 |             66 |         4.71 |
|  u_pll/inst/clk_out1 |                                                                                                         |                                                                                                                        |               35 |             70 |         2.00 |
|  u_pll/inst/clk_out1 | u_lane_original/scrambled_data_valid_reg_n_0                                                            | gpio_switch_IBUF[7]                                                                                                    |               17 |            122 |         7.18 |
|  u_pll/inst/clk_out1 | u_lane_original/serdes_data32_valid                                                                     | gpio_switch_IBUF[7]                                                                                                    |               84 |            261 |         3.11 |
|  u_pll/inst/clk_out1 | u_lane_original/gearbox32to66_cmp/data66_valid_o                                                        |                                                                                                                        |              310 |           1103 |         3.56 |
+----------------------+---------------------------------------------------------------------------------------------------------+------------------------------------------------------------------------------------------------------------------------+------------------+----------------+--------------+


